ClockM.cpp:13:1:ClockM::ClockM()	8	static
ClockM.cpp:15:6:void ClockM::updateLocalVars()	16	static
ClockM.cpp:19:6:void ClockM::commitLocalVars()	16	static
ClockM.cpp:23:9:uint8_t ClockM::advanceMinute()	0	static
ClockM.cpp:28:9:uint8_t ClockM::advanceHour()	0	static
ClockM.cpp:33:9:uint8_t ClockM::decreaseMinute()	0	static
ClockM.cpp:40:9:uint8_t ClockM::decreaseHour()	0	static
ClockM.cpp:47:9:uint8_t ClockM::advanceMonth()	0	static
ClockM.cpp:52:9:uint8_t ClockM::decreaseMonth()	0	static
ClockM.cpp:58:9:uint8_t isLeapYear(uint8_t)	0	static
ClockM.cpp:66:9:uint8_t ClockM::advanceDay()	8	static
ClockM.cpp:78:9:uint8_t ClockM::decreaseDay()	8	static
ClockM.cpp:96:9:uint8_t ClockM::advanceYear()	0	static
ClockM.cpp:102:9:uint8_t ClockM::decreaseYear()	0	static
ClockM.cpp:112:6:void ClockM::clearSeconds()	0	static
ClockM.cpp:116:6:void ClockM::saveTime()	0	static
ClockM.cpp:120:6:void ClockM::updateTime()	0	static
ClockM.cpp:123:1:cpp)	0	static
