STM32L4_HAL.cpp:333:9:virtual uint8_t STM32L4_HAL::HAL_getWakeupReason()	0	static
STM32L4_HAL.cpp:358:10:virtual uint32_t STM32L4_HAL::getSteps()	0	static
STM32L4_HAL.cpp:372:10:virtual uint16_t STM32L4_HAL::getHistSteps(uint8_t)	0	static
STM32L4_HAL.cpp:466:6:virtual void STM32L4_HAL::HAL_lockInts()	0	static
STM32L4_HAL.cpp:524:10:virtual uint16_t STM32L4_HAL::getUBatt()	0	static
STM32L4_HAL.cpp:527:9:virtual uint8_t STM32L4_HAL::getHistStepsSize()	0	static
STM32L4_HAL.cpp:336:9:virtual uint8_t STM32L4_HAL::getTap()	8	static
STM32L4_HAL.cpp:343:9:virtual int16_t STM32L4_HAL::getX()	0	static
STM32L4_HAL.cpp:346:9:virtual int16_t STM32L4_HAL::getY()	8	static
STM32L4_HAL.cpp:349:9:virtual int16_t STM32L4_HAL::getZ()	8	static
STM32L4_HAL.cpp:32:6:void setCS(uint8_t)	0	static
STM32L4_HAL.cpp:29:10:uint64_t readFlash(uint32_t)	0	static
STM32L4_HAL.cpp:38:6:void STM32L4_HAL::showERROR(uint8_t, uint8_t)	0	static
STM32L4_HAL.cpp:44:6:void HAL_MX_RTC_Init()	80	static
STM32L4_HAL.cpp:143:6:virtual void STM32L4_HAL::HAL_driverInit()	8	static
STM32L4_HAL.cpp:105:6:void STM32L4_HAL::setupBMA()	32	static
STM32L4_HAL.cpp:329:6:void STM32L4_HAL::setDisplayManager(DisplayManager*)	0	static
STM32L4_HAL.cpp:352:6:void STM32L4_HAL::updateSteps()	8	static
STM32L4_HAL.cpp:365:6:void STM32L4_HAL::pushNewSteps(uint16_t)	8	static
STM32L4_HAL.cpp:168:6:virtual void STM32L4_HAL::HAL_init()	48	static
STM32L4_HAL.cpp:361:6:virtual void STM32L4_HAL::resetSteps()	16	static
STM32L4_HAL.cpp:472:6:virtual void STM32L4_HAL::HAL_cyclic()	112	static
STM32L4_HAL.cpp:375:6:void STM32L4_HAL::setAxisMappingVariant(Watch_Type_t)	0	static
STM32L4_HAL.cpp:378:6:void STM32L4_HAL::writeDataToBackupRegisters()	16	static
STM32L4_HAL.cpp:385:6:void GPIO_AnalogState_Config()	48	static
STM32L4_HAL.cpp:409:9:virtual uint8_t STM32L4_HAL::HAL_sleep()	8	static,ignoring_inline_asm
STM32L4_HAL.cpp:530:1:cpp)	0	static
