DisplayManager.hpp:12:16:virtual void DisplayManager::requestDisplay(DisplayRequest)	12	static
DisplayManager.hpp:34:16:virtual void DisplayManager::setBrightness(uint8_t)	0	static
STM32L4_AnalogDisplayManager.cpp:110:6:virtual void STM32L4_AnalogDisplayManager::executeSleepSubscription()	0	static
STM32L4_AnalogDisplayManager.cpp:137:6:virtual void STM32L4_AnalogDisplayManager::init()	8	static
STM32L4_AnalogDisplayManager.cpp:88:22:void DWT_Delay_us(uint32_t)	24	static
DisplayManager.hpp:24:16:virtual void DisplayManager::showERROR(uint8_t, uint8_t)	96	static
STM32L4_AnalogDisplayManager.hpp:19:16:virtual void STM32L4_AnalogDisplayManager::_ZThn52_N28STM32L4_AnalogDisplayManager24executeSleepSubscriptionEv()	0	static
STM32L4_AnalogDisplayManager.cpp:76:6:void clearLED_Analog()	0	static
STM32L4_AnalogDisplayManager.cpp:15:6:void showLED_Analog_Dual(uint8_t, uint8_t)	16	static
STM32L4_AnalogDisplayManager.cpp:58:6:void showLED_Analog(uint8_t)	0	static
STM32L4_AnalogDisplayManager.cpp:113:6:virtual void STM32L4_AnalogDisplayManager::lockPorts()	8	static
STM32L4_AnalogDisplayManager.cpp:98:6:void showLEDs_Analog(uint8_t*, uint16_t, uint8_t)	24	static
STM32L4_AnalogDisplayManager.cpp:145:6:virtual void STM32L4_AnalogDisplayManager::show()	80	static
