Archive member included to satisfy reference by file (symbol)

/home/sulkith/st/stm32cubeide_1.3.0/plugins/com.st.stm32cube.ide.mcu.externaltools.gnu-tools-for-stm32.7-2018-q2-update.linux64_1.4.0.202007081208/tools/bin/../lib/gcc/arm-none-eabi/7.3.1/../../../../arm-none-eabi/lib/thumb/v7e-m/fpv4-sp/hard/libc_nano.a(lib_a-errno.o)
                              Core/Src/syscalls.o (__errno)
/home/sulkith/st/stm32cubeide_1.3.0/plugins/com.st.stm32cube.ide.mcu.externaltools.gnu-tools-for-stm32.7-2018-q2-update.linux64_1.4.0.202007081208/tools/bin/../lib/gcc/arm-none-eabi/7.3.1/../../../../arm-none-eabi/lib/thumb/v7e-m/fpv4-sp/hard/libc_nano.a(lib_a-exit.o)
                              /home/sulkith/st/stm32cubeide_1.3.0/plugins/com.st.stm32cube.ide.mcu.externaltools.gnu-tools-for-stm32.7-2018-q2-update.linux64_1.4.0.202007081208/tools/bin/../lib/gcc/arm-none-eabi/7.3.1/../../../../arm-none-eabi/lib/thumb/v7e-m/fpv4-sp/hard/crt0.o (exit)
/home/sulkith/st/stm32cubeide_1.3.0/plugins/com.st.stm32cube.ide.mcu.externaltools.gnu-tools-for-stm32.7-2018-q2-update.linux64_1.4.0.202007081208/tools/bin/../lib/gcc/arm-none-eabi/7.3.1/../../../../arm-none-eabi/lib/thumb/v7e-m/fpv4-sp/hard/libc_nano.a(lib_a-impure.o)
                              /home/sulkith/st/stm32cubeide_1.3.0/plugins/com.st.stm32cube.ide.mcu.externaltools.gnu-tools-for-stm32.7-2018-q2-update.linux64_1.4.0.202007081208/tools/bin/../lib/gcc/arm-none-eabi/7.3.1/../../../../arm-none-eabi/lib/thumb/v7e-m/fpv4-sp/hard/libc_nano.a(lib_a-exit.o) (_global_impure_ptr)
/home/sulkith/st/stm32cubeide_1.3.0/plugins/com.st.stm32cube.ide.mcu.externaltools.gnu-tools-for-stm32.7-2018-q2-update.linux64_1.4.0.202007081208/tools/bin/../lib/gcc/arm-none-eabi/7.3.1/../../../../arm-none-eabi/lib/thumb/v7e-m/fpv4-sp/hard/libc_nano.a(lib_a-init.o)
                              /home/sulkith/st/stm32cubeide_1.3.0/plugins/com.st.stm32cube.ide.mcu.externaltools.gnu-tools-for-stm32.7-2018-q2-update.linux64_1.4.0.202007081208/tools/bin/../lib/gcc/arm-none-eabi/7.3.1/../../../../arm-none-eabi/lib/thumb/v7e-m/fpv4-sp/hard/crt0.o (__libc_init_array)
/home/sulkith/st/stm32cubeide_1.3.0/plugins/com.st.stm32cube.ide.mcu.externaltools.gnu-tools-for-stm32.7-2018-q2-update.linux64_1.4.0.202007081208/tools/bin/../lib/gcc/arm-none-eabi/7.3.1/../../../../arm-none-eabi/lib/thumb/v7e-m/fpv4-sp/hard/libc_nano.a(lib_a-memset.o)
                              /home/sulkith/st/stm32cubeide_1.3.0/plugins/com.st.stm32cube.ide.mcu.externaltools.gnu-tools-for-stm32.7-2018-q2-update.linux64_1.4.0.202007081208/tools/bin/../lib/gcc/arm-none-eabi/7.3.1/../../../../arm-none-eabi/lib/thumb/v7e-m/fpv4-sp/hard/crt0.o (memset)

Allocating common symbols
Common symbol       size              file

uwTick              0x4               Drivers/STM32L4xx_HAL_Driver/Src/stm32l4xx_hal.o
hadc1               0x64              Core/Src/main.o
hrtc                0x24              Core/Src/main.o
hspi1               0x64              Core/Src/main.o

Discarded input sections

 .text          0x0000000000000000        0x0 /home/sulkith/st/stm32cubeide_1.3.0/plugins/com.st.stm32cube.ide.mcu.externaltools.gnu-tools-for-stm32.7-2018-q2-update.linux64_1.4.0.202007081208/tools/bin/../lib/gcc/arm-none-eabi/7.3.1/thumb/v7e-m/fpv4-sp/hard/crti.o
 .data          0x0000000000000000        0x0 /home/sulkith/st/stm32cubeide_1.3.0/plugins/com.st.stm32cube.ide.mcu.externaltools.gnu-tools-for-stm32.7-2018-q2-update.linux64_1.4.0.202007081208/tools/bin/../lib/gcc/arm-none-eabi/7.3.1/thumb/v7e-m/fpv4-sp/hard/crti.o
 .bss           0x0000000000000000        0x0 /home/sulkith/st/stm32cubeide_1.3.0/plugins/com.st.stm32cube.ide.mcu.externaltools.gnu-tools-for-stm32.7-2018-q2-update.linux64_1.4.0.202007081208/tools/bin/../lib/gcc/arm-none-eabi/7.3.1/thumb/v7e-m/fpv4-sp/hard/crti.o
 .data          0x0000000000000000        0x4 /home/sulkith/st/stm32cubeide_1.3.0/plugins/com.st.stm32cube.ide.mcu.externaltools.gnu-tools-for-stm32.7-2018-q2-update.linux64_1.4.0.202007081208/tools/bin/../lib/gcc/arm-none-eabi/7.3.1/thumb/v7e-m/fpv4-sp/hard/crtbegin.o
 .text          0x0000000000000000       0x74 /home/sulkith/st/stm32cubeide_1.3.0/plugins/com.st.stm32cube.ide.mcu.externaltools.gnu-tools-for-stm32.7-2018-q2-update.linux64_1.4.0.202007081208/tools/bin/../lib/gcc/arm-none-eabi/7.3.1/../../../../arm-none-eabi/lib/thumb/v7e-m/fpv4-sp/hard/crt0.o
 .data          0x0000000000000000        0x0 /home/sulkith/st/stm32cubeide_1.3.0/plugins/com.st.stm32cube.ide.mcu.externaltools.gnu-tools-for-stm32.7-2018-q2-update.linux64_1.4.0.202007081208/tools/bin/../lib/gcc/arm-none-eabi/7.3.1/../../../../arm-none-eabi/lib/thumb/v7e-m/fpv4-sp/hard/crt0.o
 .bss           0x0000000000000000        0x0 /home/sulkith/st/stm32cubeide_1.3.0/plugins/com.st.stm32cube.ide.mcu.externaltools.gnu-tools-for-stm32.7-2018-q2-update.linux64_1.4.0.202007081208/tools/bin/../lib/gcc/arm-none-eabi/7.3.1/../../../../arm-none-eabi/lib/thumb/v7e-m/fpv4-sp/hard/crt0.o
[...]
Memory Configuration

Name             Origin             Length             Attributes
RAM              0x0000000020000000 0x0000000000010000 xrw
FLASH            0x0000000008000000 0x0000000000040000 xr
*default*        0x0000000000000000 0xffffffffffffffff

Linker script and memory map

LOAD /home/sulkith/st/stm32cubeide_1.3.0/plugins/com.st.stm32cube.ide.mcu.externaltools.gnu-tools-for-stm32.7-2018-q2-update.linux64_1.4.0.202007081208/tools/bin/../lib/gcc/arm-none-eabi/7.3.1/thumb/v7e-m/fpv4-sp/hard/crti.o
LOAD /home/sulkith/st/stm32cubeide_1.3.0/plugins/com.st.stm32cube.ide.mcu.externaltools.gnu-tools-for-stm32.7-2018-q2-update.linux64_1.4.0.202007081208/tools/bin/../lib/gcc/arm-none-eabi/7.3.1/thumb/v7e-m/fpv4-sp/hard/crtbegin.o
LOAD /home/sulkith/st/stm32cubeide_1.3.0/plugins/com.st.stm32cube.ide.mcu.externaltools.gnu-tools-for-stm32.7-2018-q2-update.linux64_1.4.0.202007081208/tools/bin/../lib/gcc/arm-none-eabi/7.3.1/../../../../arm-none-eabi/lib/thumb/v7e-m/fpv4-sp/hard/crt0.o
LOAD Core/Src/main.o
LOAD Core/Src/stm32l4xx_hal_msp.o
LOAD Core/Src/stm32l4xx_it.o
LOAD Core/Src/syscalls.o
LOAD Core/Src/sysmem.o
LOAD Core/Src/system_stm32l4xx.o
LOAD Core/Startup/startup_stm32l432kcux.o
LOAD Drivers/STM32L4xx_HAL_Driver/Src/stm32l4xx_hal.o
LOAD Drivers/STM32L4xx_HAL_Driver/Src/stm32l4xx_hal_adc.o
LOAD Drivers/STM32L4xx_HAL_Driver/Src/stm32l4xx_hal_adc_ex.o
LOAD Drivers/STM32L4xx_HAL_Driver/Src/stm32l4xx_hal_cortex.o
LOAD Drivers/STM32L4xx_HAL_Driver/Src/stm32l4xx_hal_dma.o
LOAD Drivers/STM32L4xx_HAL_Driver/Src/stm32l4xx_hal_dma_ex.o
LOAD Drivers/STM32L4xx_HAL_Driver/Src/stm32l4xx_hal_exti.o
LOAD Drivers/STM32L4xx_HAL_Driver/Src/stm32l4xx_hal_flash.o
LOAD Drivers/STM32L4xx_HAL_Driver/Src/stm32l4xx_hal_flash_ex.o
LOAD Drivers/STM32L4xx_HAL_Driver/Src/stm32l4xx_hal_flash_ramfunc.o
LOAD Drivers/STM32L4xx_HAL_Driver/Src/stm32l4xx_hal_gpio.o
LOAD Drivers/STM32L4xx_HAL_Driver/Src/stm32l4xx_hal_i2c.o
LOAD Drivers/STM32L4xx_HAL_Driver/Src/stm32l4xx_hal_i2c_ex.o
LOAD Drivers/STM32L4xx_HAL_Driver/Src/stm32l4xx_hal_pwr.o
LOAD Drivers/STM32L4xx_HAL_Driver/Src/stm32l4xx_hal_pwr_ex.o
LOAD Drivers/STM32L4xx_HAL_Driver/Src/stm32l4xx_hal_rcc.o
LOAD Drivers/STM32L4xx_HAL_Driver/Src/stm32l4xx_hal_rcc_ex.o
LOAD Drivers/STM32L4xx_HAL_Driver/Src/stm32l4xx_hal_rtc.o
LOAD Drivers/STM32L4xx_HAL_Driver/Src/stm32l4xx_hal_rtc_ex.o
LOAD Drivers/STM32L4xx_HAL_Driver/Src/stm32l4xx_hal_spi.o
LOAD Drivers/STM32L4xx_HAL_Driver/Src/stm32l4xx_hal_spi_ex.o
LOAD Drivers/STM32L4xx_HAL_Driver/Src/stm32l4xx_hal_tim.o
LOAD Drivers/STM32L4xx_HAL_Driver/Src/stm32l4xx_hal_tim_ex.o
LOAD usercode/ClockM.o
LOAD usercode/GForceUI.o
LOAD usercode/STM32L4_AnalogDisplayManager.o
LOAD usercode/STM32L4_BCDDisplayManager.o
LOAD usercode/STM32L4_HAL.o
LOAD usercode/SleepM.o
LOAD usercode/settings.o
LOAD usercode/stm32_hal_spi_adap.o
LOAD usercode/usermain.o
LOAD usercode/libs/Bosch_BMA456/Bosch_BMA.o
LOAD usercode/libs/Bosch_BMA456/Bosch_BMA456_config_file.o
LOAD usercode/libs/Bosch_BMA456/spi_adap.o
START GROUP
LOAD /home/sulkith/st/stm32cubeide_1.3.0/plugins/com.st.stm32cube.ide.mcu.externaltools.gnu-tools-for-stm32.7-2018-q2-update.linux64_1.4.0.202007081208/tools/bin/../lib/gcc/arm-none-eabi/7.3.1/../../../../arm-none-eabi/lib/thumb/v7e-m/fpv4-sp/hard/libstdc++_nano.a
LOAD /home/sulkith/st/stm32cubeide_1.3.0/plugins/com.st.stm32cube.ide.mcu.externaltools.gnu-tools-for-stm32.7-2018-q2-update.linux64_1.4.0.202007081208/tools/bin/../lib/gcc/arm-none-eabi/7.3.1/../../../../arm-none-eabi/lib/thumb/v7e-m/fpv4-sp/hard/libsupc++_nano.a
END GROUP
LOAD /home/sulkith/st/stm32cubeide_1.3.0/plugins/com.st.stm32cube.ide.mcu.externaltools.gnu-tools-for-stm32.7-2018-q2-update.linux64_1.4.0.202007081208/tools/bin/../lib/gcc/arm-none-eabi/7.3.1/../../../../arm-none-eabi/lib/thumb/v7e-m/fpv4-sp/hard/libstdc++_nano.a
LOAD /home/sulkith/st/stm32cubeide_1.3.0/plugins/com.st.stm32cube.ide.mcu.externaltools.gnu-tools-for-stm32.7-2018-q2-update.linux64_1.4.0.202007081208/tools/bin/../lib/gcc/arm-none-eabi/7.3.1/../../../../arm-none-eabi/lib/thumb/v7e-m/fpv4-sp/hard/libm.a
LOAD /home/sulkith/st/stm32cubeide_1.3.0/plugins/com.st.stm32cube.ide.mcu.externaltools.gnu-tools-for-stm32.7-2018-q2-update.linux64_1.4.0.202007081208/tools/bin/../lib/gcc/arm-none-eabi/7.3.1/../../../../arm-none-eabi/lib/thumb/v7e-m/fpv4-sp/hard/libc_nano.a
START GROUP
LOAD /home/sulkith/st/stm32cubeide_1.3.0/plugins/com.st.stm32cube.ide.mcu.externaltools.gnu-tools-for-stm32.7-2018-q2-update.linux64_1.4.0.202007081208/tools/bin/../lib/gcc/arm-none-eabi/7.3.1/thumb/v7e-m/fpv4-sp/hard/libgcc.a
LOAD /home/sulkith/st/stm32cubeide_1.3.0/plugins/com.st.stm32cube.ide.mcu.externaltools.gnu-tools-for-stm32.7-2018-q2-update.linux64_1.4.0.202007081208/tools/bin/../lib/gcc/arm-none-eabi/7.3.1/../../../../arm-none-eabi/lib/thumb/v7e-m/fpv4-sp/hard/libc_nano.a
END GROUP
START GROUP
LOAD /home/sulkith/st/stm32cubeide_1.3.0/plugins/com.st.stm32cube.ide.mcu.externaltools.gnu-tools-for-stm32.7-2018-q2-update.linux64_1.4.0.202007081208/tools/bin/../lib/gcc/arm-none-eabi/7.3.1/thumb/v7e-m/fpv4-sp/hard/libgcc.a
LOAD /home/sulkith/st/stm32cubeide_1.3.0/plugins/com.st.stm32cube.ide.mcu.externaltools.gnu-tools-for-stm32.7-2018-q2-update.linux64_1.4.0.202007081208/tools/bin/../lib/gcc/arm-none-eabi/7.3.1/../../../../arm-none-eabi/lib/thumb/v7e-m/fpv4-sp/hard/libc_nano.a
LOAD /home/sulkith/st/stm32cubeide_1.3.0/plugins/com.st.stm32cube.ide.mcu.externaltools.gnu-tools-for-stm32.7-2018-q2-update.linux64_1.4.0.202007081208/tools/bin/../lib/gcc/arm-none-eabi/7.3.1/../../../../arm-none-eabi/lib/thumb/v7e-m/fpv4-sp/hard/libnosys.a
END GROUP
START GROUP
LOAD /home/sulkith/st/stm32cubeide_1.3.0/plugins/com.st.stm32cube.ide.mcu.externaltools.gnu-tools-for-stm32.7-2018-q2-update.linux64_1.4.0.202007081208/tools/bin/../lib/gcc/arm-none-eabi/7.3.1/thumb/v7e-m/fpv4-sp/hard/libgcc.a
LOAD /home/sulkith/st/stm32cubeide_1.3.0/plugins/com.st.stm32cube.ide.mcu.externaltools.gnu-tools-for-stm32.7-2018-q2-update.linux64_1.4.0.202007081208/tools/bin/../lib/gcc/arm-none-eabi/7.3.1/../../../../arm-none-eabi/lib/thumb/v7e-m/fpv4-sp/hard/libc_nano.a
LOAD /home/sulkith/st/stm32cubeide_1.3.0/plugins/com.st.stm32cube.ide.mcu.externaltools.gnu-tools-for-stm32.7-2018-q2-update.linux64_1.4.0.202007081208/tools/bin/../lib/gcc/arm-none-eabi/7.3.1/../../../../arm-none-eabi/lib/thumb/v7e-m/fpv4-sp/hard/libnosys.a
END GROUP
LOAD /home/sulkith/st/stm32cubeide_1.3.0/plugins/com.st.stm32cube.ide.mcu.externaltools.gnu-tools-for-stm32.7-2018-q2-update.linux64_1.4.0.202007081208/tools/bin/../lib/gcc/arm-none-eabi/7.3.1/thumb/v7e-m/fpv4-sp/hard/crtend.o
LOAD /home/sulkith/st/stm32cubeide_1.3.0/plugins/com.st.stm32cube.ide.mcu.externaltools.gnu-tools-for-stm32.7-2018-q2-update.linux64_1.4.0.202007081208/tools/bin/../lib/gcc/arm-none-eabi/7.3.1/thumb/v7e-m/fpv4-sp/hard/crtn.o
                0x0000000020010000                _estack = (ORIGIN (RAM) + LENGTH (RAM))
                0x0000000000000200                _Min_Heap_Size = 0x200
                0x0000000000000400                _Min_Stack_Size = 0x400

.isr_vector     0x0000000008000000      0x18c
                0x0000000008000000                . = ALIGN (0x4)
 *(.isr_vector)
 .isr_vector    0x0000000008000000      0x18c Core/Startup/startup_stm32l432kcux.o
                0x0000000008000000                g_pfnVectors
                0x000000000800018c                . = ALIGN (0x4)

.text           0x000000000800018c     0x4f18
                0x000000000800018c                . = ALIGN (0x4)
 *(.text)
 .text          0x000000000800018c       0x40 /home/sulkith/st/stm32cubeide_1.3.0/plugins/com.st.stm32cube.ide.mcu.externaltools.gnu-tools-for-stm32.7-2018-q2-update.linux64_1.4.0.202007081208/tools/bin/../lib/gcc/arm-none-eabi/7.3.1/thumb/v7e-m/fpv4-sp/hard/crtbegin.o
 *(.text*)
 .text.HAL_RTC_AlarmAEventCallback
                0x00000000080001cc        0x4 Core/Src/main.o
                0x00000000080001cc                HAL_RTC_AlarmAEventCallback
 .text.startup.main
                0x00000000080001d0       0x10 Core/Src/main.o
                0x00000000080001d0                main
 .text.MX_ADC1_Init
                0x00000000080001e0       0x74 Core/Src/main.o
                0x00000000080001e0                MX_ADC1_Init
 .text.MX_SPI1_Init
                0x0000000008000254       0x40 Core/Src/main.o
                0x0000000008000254                MX_SPI1_Init
 .text.Error_Handler
                0x0000000008000294        0x2 Core/Src/main.o
                0x0000000008000294                Error_Handler
 *fill*         0x0000000008000296        0x2 
 .text.HAL_MspInit
                0x0000000008000298       0x30 Core/Src/stm32l4xx_hal_msp.o
                0x0000000008000298                HAL_MspInit
 .text.HAL_ADC_MspInit
                0x00000000080002c8       0x2c Core/Src/stm32l4xx_hal_msp.o
                0x00000000080002c8                HAL_ADC_MspInit
 .text.HAL_RTC_MspInit
                0x00000000080002f4       0x38 Core/Src/stm32l4xx_hal_msp.o
                0x00000000080002f4                HAL_RTC_MspInit
 .text.HAL_SPI_MspInit
                0x000000000800032c       0x64 Core/Src/stm32l4xx_hal_msp.o
                0x000000000800032c                HAL_SPI_MspInit
 .text.NMI_Handler
                0x0000000008000390        0x2 Core/Src/stm32l4xx_it.o
                0x0000000008000390                NMI_Handler
 .text.HardFault_Handler
                0x0000000008000392        0x2 Core/Src/stm32l4xx_it.o
                0x0000000008000392                HardFault_Handler
 .text.MemManage_Handler
                0x0000000008000394        0x2 Core/Src/stm32l4xx_it.o
                0x0000000008000394                MemManage_Handler
 .text.BusFault_Handler
                0x0000000008000396        0x2 Core/Src/stm32l4xx_it.o
                0x0000000008000396                BusFault_Handler
 .text.UsageFault_Handler
                0x0000000008000398        0x2 Core/Src/stm32l4xx_it.o
                0x0000000008000398                UsageFault_Handler
 .text.SVC_Handler
                0x000000000800039a        0x2 Core/Src/stm32l4xx_it.o
                0x000000000800039a                SVC_Handler
 .text.DebugMon_Handler
                0x000000000800039c        0x2 Core/Src/stm32l4xx_it.o
                0x000000000800039c                DebugMon_Handler
 .text.PendSV_Handler
                0x000000000800039e        0x2 Core/Src/stm32l4xx_it.o
                0x000000000800039e                PendSV_Handler
 .text.SysTick_Handler
                0x00000000080003a0        0x4 Core/Src/stm32l4xx_it.o
                0x00000000080003a0                SysTick_Handler
 .text.RTC_Alarm_IRQHandler
                0x00000000080003a4        0xc Core/Src/stm32l4xx_it.o
                0x00000000080003a4                RTC_Alarm_IRQHandler
 .text.SystemInit
                0x00000000080003b0       0x48 Core/Src/system_stm32l4xx.o
                0x00000000080003b0                SystemInit
 .text.Reset_Handler
                0x00000000080003f8       0x50 Core/Startup/startup_stm32l432kcux.o
                0x00000000080003f8                Reset_Handler
 .text.Default_Handler
                0x0000000008000448        0x2 Core/Startup/startup_stm32l432kcux.o
                0x0000000008000448                EXTI2_IRQHandler
                0x0000000008000448                TIM1_CC_IRQHandler
                0x0000000008000448                TSC_IRQHandler
                0x0000000008000448                TAMP_STAMP_IRQHandler
                0x0000000008000448                EXTI3_IRQHandler
                0x0000000008000448                LPTIM2_IRQHandler
                0x0000000008000448                I2C3_ER_IRQHandler
                0x0000000008000448                EXTI0_IRQHandler
                0x0000000008000448                CAN1_RX0_IRQHandler
                0x0000000008000448                FPU_IRQHandler
                0x0000000008000448                TIM1_UP_TIM16_IRQHandler
                0x0000000008000448                SPI1_IRQHandler
                0x0000000008000448                TIM6_DAC_IRQHandler
                0x0000000008000448                DMA2_Channel2_IRQHandler
                0x0000000008000448                DMA1_Channel4_IRQHandler
                0x0000000008000448                ADC1_IRQHandler
                0x0000000008000448                DMA1_Channel7_IRQHandler
                0x0000000008000448                CAN1_RX1_IRQHandler
                0x0000000008000448                DMA2_Channel1_IRQHandler
                0x0000000008000448                QUADSPI_IRQHandler
                0x0000000008000448                I2C1_EV_IRQHandler
                0x0000000008000448                DMA1_Channel6_IRQHandler
                0x0000000008000448                DMA2_Channel4_IRQHandler
                0x0000000008000448                RCC_IRQHandler
                0x0000000008000448                TIM1_TRG_COM_IRQHandler
                0x0000000008000448                DMA1_Channel1_IRQHandler
                0x0000000008000448                Default_Handler
                0x0000000008000448                DMA2_Channel7_IRQHandler
                0x0000000008000448                EXTI15_10_IRQHandler
                0x0000000008000448                TIM7_IRQHandler
                0x0000000008000448                I2C3_EV_IRQHandler
                0x0000000008000448                USB_IRQHandler
                0x0000000008000448                EXTI9_5_IRQHandler
                0x0000000008000448                RTC_WKUP_IRQHandler
                0x0000000008000448                PVD_PVM_IRQHandler
                0x0000000008000448                CAN1_TX_IRQHandler
                0x0000000008000448                DMA2_Channel5_IRQHandler
                0x0000000008000448                CRS_IRQHandler
                0x0000000008000448                DMA1_Channel5_IRQHandler
                0x0000000008000448                EXTI4_IRQHandler
                0x0000000008000448                RNG_IRQHandler
                0x0000000008000448                DMA1_Channel3_IRQHandler
                0x0000000008000448                COMP_IRQHandler
                0x0000000008000448                WWDG_IRQHandler
                0x0000000008000448                LPUART1_IRQHandler
                0x0000000008000448                DMA2_Channel6_IRQHandler
                0x0000000008000448                TIM2_IRQHandler
                0x0000000008000448                EXTI1_IRQHandler
                0x0000000008000448                USART2_IRQHandler
                0x0000000008000448                DMA1_Channel2_IRQHandler
                0x0000000008000448                CAN1_SCE_IRQHandler
                0x0000000008000448                FLASH_IRQHandler
                0x0000000008000448                USART1_IRQHandler
                0x0000000008000448                SPI3_IRQHandler
                0x0000000008000448                I2C1_ER_IRQHandler
                0x0000000008000448                SWPMI1_IRQHandler
                0x0000000008000448                LPTIM1_IRQHandler
                0x0000000008000448                SAI1_IRQHandler
                0x0000000008000448                DMA2_Channel3_IRQHandler
                0x0000000008000448                TIM1_BRK_TIM15_IRQHandler
 *fill*         0x000000000800044a        0x2 
 .text.HAL_InitTick
                0x000000000800044c       0x4c Drivers/STM32L4xx_HAL_Driver/Src/stm32l4xx_hal.o
                0x000000000800044c                HAL_InitTick
 .text.HAL_Init
                0x0000000008000498       0x1e Drivers/STM32L4xx_HAL_Driver/Src/stm32l4xx_hal.o
                0x0000000008000498                HAL_Init
 *fill*         0x00000000080004b6        0x2 
 .text.HAL_IncTick
                0x00000000080004b8       0x18 Drivers/STM32L4xx_HAL_Driver/Src/stm32l4xx_hal.o
                0x00000000080004b8                HAL_IncTick
 .text.HAL_GetTick
                0x00000000080004d0        0xc Drivers/STM32L4xx_HAL_Driver/Src/stm32l4xx_hal.o
                0x00000000080004d0                HAL_GetTick
 .text.HAL_Delay
                0x00000000080004dc       0x28 Drivers/STM32L4xx_HAL_Driver/Src/stm32l4xx_hal.o
                0x00000000080004dc                HAL_Delay
 .text.HAL_DBGMCU_DisableDBGSleepMode
                0x0000000008000504       0x10 Drivers/STM32L4xx_HAL_Driver/Src/stm32l4xx_hal.o
                0x0000000008000504                HAL_DBGMCU_DisableDBGSleepMode
 .text.HAL_DBGMCU_DisableDBGStopMode
                0x0000000008000514       0x10 Drivers/STM32L4xx_HAL_Driver/Src/stm32l4xx_hal.o
                0x0000000008000514                HAL_DBGMCU_DisableDBGStopMode
 .text.HAL_DBGMCU_DisableDBGStandbyMode
                0x0000000008000524       0x10 Drivers/STM32L4xx_HAL_Driver/Src/stm32l4xx_hal.o
                0x0000000008000524                HAL_DBGMCU_DisableDBGStandbyMode
 .text.LL_ADC_SetChannelSamplingTime
                0x0000000008000534       0x22 Drivers/STM32L4xx_HAL_Driver/Src/stm32l4xx_hal_adc.o
 .text.LL_ADC_REG_IsConversionOngoing
                0x0000000008000556        0x8 Drivers/STM32L4xx_HAL_Driver/Src/stm32l4xx_hal_adc.o
 *fill*         0x000000000800055e        0x2 
 .text.HAL_ADC_Init
                0x0000000008000560      0x19c Drivers/STM32L4xx_HAL_Driver/Src/stm32l4xx_hal_adc.o
                0x0000000008000560                HAL_ADC_Init
 .text.HAL_ADC_PollForConversion
                0x00000000080006fc       0x9c Drivers/STM32L4xx_HAL_Driver/Src/stm32l4xx_hal_adc.o
                0x00000000080006fc                HAL_ADC_PollForConversion
 .text.HAL_ADC_GetValue
                0x0000000008000798        0x6 Drivers/STM32L4xx_HAL_Driver/Src/stm32l4xx_hal_adc.o
                0x0000000008000798                HAL_ADC_GetValue
 *fill*         0x000000000800079e        0x2 
 .text.HAL_ADC_ConfigChannel
                0x00000000080007a0      0x398 Drivers/STM32L4xx_HAL_Driver/Src/stm32l4xx_hal_adc.o
                0x00000000080007a0                HAL_ADC_ConfigChannel
 .text.HAL_ADC_GetState
                0x0000000008000b38        0x4 Drivers/STM32L4xx_HAL_Driver/Src/stm32l4xx_hal_adc.o
                0x0000000008000b38                HAL_ADC_GetState
 .text.ADC_ConversionStop
                0x0000000008000b3c       0xcc Drivers/STM32L4xx_HAL_Driver/Src/stm32l4xx_hal_adc.o
                0x0000000008000b3c                ADC_ConversionStop
 .text.ADC_Enable
                0x0000000008000c08       0x6c Drivers/STM32L4xx_HAL_Driver/Src/stm32l4xx_hal_adc.o
                0x0000000008000c08                ADC_Enable
 .text.HAL_ADC_Start
                0x0000000008000c74       0x82 Drivers/STM32L4xx_HAL_Driver/Src/stm32l4xx_hal_adc.o
                0x0000000008000c74                HAL_ADC_Start
 .text.ADC_Disable
                0x0000000008000cf6       0x64 Drivers/STM32L4xx_HAL_Driver/Src/stm32l4xx_hal_adc.o
                0x0000000008000cf6                ADC_Disable
 .text.HAL_ADC_Stop
                0x0000000008000d5a       0x3e Drivers/STM32L4xx_HAL_Driver/Src/stm32l4xx_hal_adc.o
                0x0000000008000d5a                HAL_ADC_Stop
 .text.LL_ADC_INJ_IsConversionOngoing
                0x0000000008000d98        0x8 Drivers/STM32L4xx_HAL_Driver/Src/stm32l4xx_hal_adc_ex.o
 .text.HAL_ADCEx_Calibration_Start
                0x0000000008000da0       0x98 Drivers/STM32L4xx_HAL_Driver/Src/stm32l4xx_hal_adc_ex.o
                0x0000000008000da0                HAL_ADCEx_Calibration_Start
 .text.HAL_ADCEx_Calibration_GetValue
                0x0000000008000e38       0x16 Drivers/STM32L4xx_HAL_Driver/Src/stm32l4xx_hal_adc_ex.o
                0x0000000008000e38                HAL_ADCEx_Calibration_GetValue
 .text.HAL_ADCEx_Calibration_SetValue
                0x0000000008000e4e       0x6c Drivers/STM32L4xx_HAL_Driver/Src/stm32l4xx_hal_adc_ex.o
                0x0000000008000e4e                HAL_ADCEx_Calibration_SetValue
 .text.HAL_ADCEx_DisableVoltageRegulator
                0x0000000008000eba       0x1c Drivers/STM32L4xx_HAL_Driver/Src/stm32l4xx_hal_adc_ex.o
                0x0000000008000eba                HAL_ADCEx_DisableVoltageRegulator
 *fill*         0x0000000008000ed6        0x2 
 .text.HAL_NVIC_SetPriorityGrouping
                0x0000000008000ed8       0x24 Drivers/STM32L4xx_HAL_Driver/Src/stm32l4xx_hal_cortex.o
                0x0000000008000ed8                HAL_NVIC_SetPriorityGrouping
 .text.HAL_NVIC_SetPriority
                0x0000000008000efc       0x68 Drivers/STM32L4xx_HAL_Driver/Src/stm32l4xx_hal_cortex.o
                0x0000000008000efc                HAL_NVIC_SetPriority
 .text.HAL_NVIC_EnableIRQ
                0x0000000008000f64       0x1c Drivers/STM32L4xx_HAL_Driver/Src/stm32l4xx_hal_cortex.o
                0x0000000008000f64                HAL_NVIC_EnableIRQ
 .text.HAL_SYSTICK_Config
                0x0000000008000f80       0x2c Drivers/STM32L4xx_HAL_Driver/Src/stm32l4xx_hal_cortex.o
                0x0000000008000f80                HAL_SYSTICK_Config
 .text.HAL_GPIO_Init
                0x0000000008000fac      0x174 Drivers/STM32L4xx_HAL_Driver/Src/stm32l4xx_hal_gpio.o
                0x0000000008000fac                HAL_GPIO_Init
 .text.HAL_GPIO_ReadPin
                0x0000000008001120        0xc Drivers/STM32L4xx_HAL_Driver/Src/stm32l4xx_hal_gpio.o
                0x0000000008001120                HAL_GPIO_ReadPin
 .text.HAL_GPIO_WritePin
                0x000000000800112c        0xa Drivers/STM32L4xx_HAL_Driver/Src/stm32l4xx_hal_gpio.o
                0x000000000800112c                HAL_GPIO_WritePin
 *fill*         0x0000000008001136        0x2 
 .text.HAL_PWR_EnableBkUpAccess
                0x0000000008001138       0x10 Drivers/STM32L4xx_HAL_Driver/Src/stm32l4xx_hal_pwr.o
                0x0000000008001138                HAL_PWR_EnableBkUpAccess
 .text.HAL_PWR_EnableWakeUpPin
                0x0000000008001148       0x20 Drivers/STM32L4xx_HAL_Driver/Src/stm32l4xx_hal_pwr.o
                0x0000000008001148                HAL_PWR_EnableWakeUpPin
 .text.HAL_PWR_DisableWakeUpPin
                0x0000000008001168       0x14 Drivers/STM32L4xx_HAL_Driver/Src/stm32l4xx_hal_pwr.o
                0x0000000008001168                HAL_PWR_DisableWakeUpPin
 .text.HAL_PWREx_GetVoltageRange
                0x000000000800117c       0x10 Drivers/STM32L4xx_HAL_Driver/Src/stm32l4xx_hal_pwr_ex.o
                0x000000000800117c                HAL_PWREx_GetVoltageRange
 .text.HAL_PWREx_ControlVoltageScaling
                0x000000000800118c       0x6c Drivers/STM32L4xx_HAL_Driver/Src/stm32l4xx_hal_pwr_ex.o
                0x000000000800118c                HAL_PWREx_ControlVoltageScaling
 .text.HAL_PWREx_EnableGPIOPullUp
                0x00000000080011f8       0x74 Drivers/STM32L4xx_HAL_Driver/Src/stm32l4xx_hal_pwr_ex.o
                0x00000000080011f8                HAL_PWREx_EnableGPIOPullUp
 .text.HAL_PWREx_EnableGPIOPullDown
                0x000000000800126c       0x74 Drivers/STM32L4xx_HAL_Driver/Src/stm32l4xx_hal_pwr_ex.o
                0x000000000800126c                HAL_PWREx_EnableGPIOPullDown
 .text.HAL_PWREx_EnablePullUpPullDownConfig
                0x00000000080012e0       0x10 Drivers/STM32L4xx_HAL_Driver/Src/stm32l4xx_hal_pwr_ex.o
                0x00000000080012e0                HAL_PWREx_EnablePullUpPullDownConfig
 .text.HAL_PWREx_EnableLowPowerRunMode
                0x00000000080012f0       0x10 Drivers/STM32L4xx_HAL_Driver/Src/stm32l4xx_hal_pwr_ex.o
                0x00000000080012f0                HAL_PWREx_EnableLowPowerRunMode
 .text.HAL_PWREx_EnterSHUTDOWNMode
                0x0000000008001300       0x24 Drivers/STM32L4xx_HAL_Driver/Src/stm32l4xx_hal_pwr_ex.o
                0x0000000008001300                HAL_PWREx_EnterSHUTDOWNMode
 .text.RCC_SetFlashLatencyFromMSIRange
                0x0000000008001324       0x84 Drivers/STM32L4xx_HAL_Driver/Src/stm32l4xx_hal_rcc.o
 .text.HAL_RCC_GetSysClockFreq
                0x00000000080013a8       0x9c Drivers/STM32L4xx_HAL_Driver/Src/stm32l4xx_hal_rcc.o
                0x00000000080013a8                HAL_RCC_GetSysClockFreq
 .text.HAL_RCC_OscConfig
                0x0000000008001444      0x554 Drivers/STM32L4xx_HAL_Driver/Src/stm32l4xx_hal_rcc.o
                0x0000000008001444                HAL_RCC_OscConfig
 .text.HAL_RCC_ClockConfig
                0x0000000008001998      0x128 Drivers/STM32L4xx_HAL_Driver/Src/stm32l4xx_hal_rcc.o
                0x0000000008001998                HAL_RCC_ClockConfig
 .text.HAL_RCC_GetHCLKFreq
                0x0000000008001ac0        0xc Drivers/STM32L4xx_HAL_Driver/Src/stm32l4xx_hal_rcc.o
                0x0000000008001ac0                HAL_RCC_GetHCLKFreq
 .text.RCCEx_PLLSAI1_Config
                0x0000000008001acc      0x114 Drivers/STM32L4xx_HAL_Driver/Src/stm32l4xx_hal_rcc_ex.o
 .text.HAL_RCCEx_PeriphCLKConfig
                0x0000000008001be0      0x284 Drivers/STM32L4xx_HAL_Driver/Src/stm32l4xx_hal_rcc_ex.o
                0x0000000008001be0                HAL_RCCEx_PeriphCLKConfig
 .text.HAL_RTC_AlarmIRQHandler
                0x0000000008001e64       0x54 Drivers/STM32L4xx_HAL_Driver/Src/stm32l4xx_hal_rtc.o
                0x0000000008001e64                HAL_RTC_AlarmIRQHandler
 .text.HAL_RTC_WaitForSynchro
                0x0000000008001eb8       0x30 Drivers/STM32L4xx_HAL_Driver/Src/stm32l4xx_hal_rtc.o
                0x0000000008001eb8                HAL_RTC_WaitForSynchro
 .text.RTC_EnterInitMode
                0x0000000008001ee8       0x44 Drivers/STM32L4xx_HAL_Driver/Src/stm32l4xx_hal_rtc.o
                0x0000000008001ee8                RTC_EnterInitMode
 .text.RTC_ExitInitMode
                0x0000000008001f2c       0x44 Drivers/STM32L4xx_HAL_Driver/Src/stm32l4xx_hal_rtc.o
                0x0000000008001f2c                RTC_ExitInitMode
 .text.HAL_RTC_Init
                0x0000000008001f70       0x8c Drivers/STM32L4xx_HAL_Driver/Src/stm32l4xx_hal_rtc.o
                0x0000000008001f70                HAL_RTC_Init
 .text.RTC_ByteToBcd2
                0x0000000008001ffc       0x16 Drivers/STM32L4xx_HAL_Driver/Src/stm32l4xx_hal_rtc.o
                0x0000000008001ffc                RTC_ByteToBcd2
 .text.HAL_RTC_SetTime
                0x0000000008002012       0xc4 Drivers/STM32L4xx_HAL_Driver/Src/stm32l4xx_hal_rtc.o
                0x0000000008002012                HAL_RTC_SetTime
 .text.HAL_RTC_SetDate
                0x00000000080020d6       0x92 Drivers/STM32L4xx_HAL_Driver/Src/stm32l4xx_hal_rtc.o
                0x00000000080020d6                HAL_RTC_SetDate
 .text.HAL_RTC_SetAlarm_IT
                0x0000000008002168      0x170 Drivers/STM32L4xx_HAL_Driver/Src/stm32l4xx_hal_rtc.o
                0x0000000008002168                HAL_RTC_SetAlarm_IT
 .text.RTC_Bcd2ToByte
                0x00000000080022d8       0x12 Drivers/STM32L4xx_HAL_Driver/Src/stm32l4xx_hal_rtc.o
                0x00000000080022d8                RTC_Bcd2ToByte
 .text.HAL_RTC_GetTime
                0x00000000080022ea       0x4a Drivers/STM32L4xx_HAL_Driver/Src/stm32l4xx_hal_rtc.o
                0x00000000080022ea                HAL_RTC_GetTime
 .text.HAL_RTC_GetDate
                0x0000000008002334       0x3e Drivers/STM32L4xx_HAL_Driver/Src/stm32l4xx_hal_rtc.o
                0x0000000008002334                HAL_RTC_GetDate
 .text.HAL_RTCEx_SetSmoothCalib
                0x0000000008002372       0x8a Drivers/STM32L4xx_HAL_Driver/Src/stm32l4xx_hal_rtc_ex.o
                0x0000000008002372                HAL_RTCEx_SetSmoothCalib
 .text.HAL_RTCEx_AlarmBEventCallback
                0x00000000080023fc        0x2 Drivers/STM32L4xx_HAL_Driver/Src/stm32l4xx_hal_rtc_ex.o
                0x00000000080023fc                HAL_RTCEx_AlarmBEventCallback
 .text.HAL_RTCEx_BKUPWrite
                0x00000000080023fe       0x18 Drivers/STM32L4xx_HAL_Driver/Src/stm32l4xx_hal_rtc_ex.o
                0x00000000080023fe                HAL_RTCEx_BKUPWrite
 .text.HAL_RTCEx_BKUPRead
                0x0000000008002416        0xa Drivers/STM32L4xx_HAL_Driver/Src/stm32l4xx_hal_rtc_ex.o
                0x0000000008002416                HAL_RTCEx_BKUPRead
 .text.SPI_WaitFlagStateUntilTimeout.part.0
                0x0000000008002420       0x50 Drivers/STM32L4xx_HAL_Driver/Src/stm32l4xx_hal_spi.o
 .text.SPI_WaitFlagStateUntilTimeout.constprop.9
                0x0000000008002470       0x5c Drivers/STM32L4xx_HAL_Driver/Src/stm32l4xx_hal_spi.o
 .text.SPI_WaitFifoStateUntilTimeout.constprop.10
                0x00000000080024cc       0x6c Drivers/STM32L4xx_HAL_Driver/Src/stm32l4xx_hal_spi.o
 .text.SPI_EndRxTransaction
                0x0000000008002538       0x6e Drivers/STM32L4xx_HAL_Driver/Src/stm32l4xx_hal_spi.o
 .text.SPI_EndRxTxTransaction
                0x00000000080025a6       0x44 Drivers/STM32L4xx_HAL_Driver/Src/stm32l4xx_hal_spi.o
 .text.HAL_SPI_Init
                0x00000000080025ea       0xd4 Drivers/STM32L4xx_HAL_Driver/Src/stm32l4xx_hal_spi.o
                0x00000000080025ea                HAL_SPI_Init
 .text.HAL_SPI_Transmit
                0x00000000080026be      0x17e Drivers/STM32L4xx_HAL_Driver/Src/stm32l4xx_hal_spi.o
                0x00000000080026be                HAL_SPI_Transmit
 .text.HAL_SPI_TransmitReceive
                0x000000000800283c      0x23e Drivers/STM32L4xx_HAL_Driver/Src/stm32l4xx_hal_spi.o
                0x000000000800283c                HAL_SPI_TransmitReceive
 .text.HAL_SPI_Receive
                0x0000000008002a7a      0x160 Drivers/STM32L4xx_HAL_Driver/Src/stm32l4xx_hal_spi.o
                0x0000000008002a7a                HAL_SPI_Receive
 .text._ZN6ClockMC2Ev
                0x0000000008002bda       0x1a usercode/ClockM.o
                0x0000000008002bda                ClockM::ClockM()
                0x0000000008002bda                ClockM::ClockM()
 .text._ZN6ClockM15updateLocalVarsEv
                0x0000000008002bf4       0x28 usercode/ClockM.o
                0x0000000008002bf4                ClockM::updateLocalVars()
 .text._ZN6ClockM15commitLocalVarsEv
                0x0000000008002c1c       0x28 usercode/ClockM.o
                0x0000000008002c1c                ClockM::commitLocalVars()
 .text._ZN6ClockM13advanceMinuteEv
                0x0000000008002c44       0x1a usercode/ClockM.o
                0x0000000008002c44                ClockM::advanceMinute()
 .text._ZN6ClockM11advanceHourEv
                0x0000000008002c5e       0x1a usercode/ClockM.o
                0x0000000008002c5e                ClockM::advanceHour()
 .text._ZN6ClockM14decreaseMinuteEv
                0x0000000008002c78       0x18 usercode/ClockM.o
                0x0000000008002c78                ClockM::decreaseMinute()
 .text._ZN6ClockM12decreaseHourEv
                0x0000000008002c90       0x18 usercode/ClockM.o
                0x0000000008002c90                ClockM::decreaseHour()
 .text._ZN6ClockM12advanceMonthEv
                0x0000000008002ca8       0x16 usercode/ClockM.o
                0x0000000008002ca8                ClockM::advanceMonth()
 .text._ZN6ClockM13decreaseMonthEv
                0x0000000008002cbe       0x12 usercode/ClockM.o
                0x0000000008002cbe                ClockM::decreaseMonth()
 .text._Z10isLeapYearh
                0x0000000008002cd0        0xe usercode/ClockM.o
                0x0000000008002cd0                isLeapYear(unsigned char)
 *fill*         0x0000000008002cde        0x2 
 .text._ZN6ClockM10advanceDayEv
                0x0000000008002ce0       0x34 usercode/ClockM.o
                0x0000000008002ce0                ClockM::advanceDay()
 .text._ZN6ClockM11decreaseDayEv
                0x0000000008002d14       0x34 usercode/ClockM.o
                0x0000000008002d14                ClockM::decreaseDay()
 .text._ZN6ClockM11advanceYearEv
                0x0000000008002d48       0x18 usercode/ClockM.o
                0x0000000008002d48                ClockM::advanceYear()
 .text._ZN6ClockM12decreaseYearEv
                0x0000000008002d60       0x10 usercode/ClockM.o
                0x0000000008002d60                ClockM::decreaseYear()
 .text._ZN6ClockM12clearSecondsEv
                0x0000000008002d70        0x8 usercode/ClockM.o
                0x0000000008002d70                ClockM::clearSeconds()
 .text._ZN6ClockM8saveTimeEv
                0x0000000008002d78        0x4 usercode/ClockM.o
                0x0000000008002d78                ClockM::saveTime()
 .text._ZN6ClockM10updateTimeEv
                0x0000000008002d7c        0x4 usercode/ClockM.o
                0x0000000008002d7c                ClockM::updateTime()
 .text.startup._GLOBAL__sub_I__ZN6ClockM8instanceE
                0x0000000008002d80        0xc usercode/ClockM.o
 .text._ZN8GForceUI14setSettingsPtrEP15WatchSettings_t
                0x0000000008002d8c        0x4 usercode/GForceUI.o
                0x0000000008002d8c                GForceUI::setSettingsPtr(WatchSettings_t*)
 .text._ZN8GForceUI4initEv
                0x0000000008002d90        0x2 usercode/GForceUI.o
                0x0000000008002d90                GForceUI::executeSleepSubscription()
                0x0000000008002d90                GForceUI::init()
 .text._ZN8GForceUI4initEP14DisplayManagerP9GForceHALP3HAL
                0x0000000008002d92        0x8 usercode/GForceUI.o
                0x0000000008002d92                GForceUI::init(DisplayManager*, GForceHAL*, HAL*)
 .text._ZThn4_N8GForceUI24executeSleepSubscriptionEv
                0x0000000008002d9a        0x2 usercode/GForceUI.o
                0x0000000008002d9a                non-virtual thunk to GForceUI::executeSleepSubscription()
 .text._ZN6SleepM14requestProlongEh
                0x0000000008002d9c       0x14 usercode/GForceUI.o
                0x0000000008002d9c                SleepM::requestProlong(unsigned char)
 .text._ZN8GForceUI15stateTransitionEv
                0x0000000008002db0      0x440 usercode/GForceUI.o
                0x0000000008002db0                GForceUI::stateTransition()
 .text._Z13requestScreenP14DisplayManager18DisplayRequestTypettttt
                0x00000000080031f0       0x78 usercode/GForceUI.o
                0x00000000080031f0                requestScreen(DisplayManager*, DisplayRequestType, unsigned short, unsigned short, unsigned short, unsigned short, unsigned short)
 .text._ZN8GForceUI18stateDisplayReuestEv
                0x0000000008003268       0xc0 usercode/GForceUI.o
                0x0000000008003268                GForceUI::stateDisplayReuest()
 .text._ZN8GForceUI6cyclicEv
                0x0000000008003328       0x34 usercode/GForceUI.o
                0x0000000008003328                GForceUI::cyclic()
 .text._ZN14DisplayManager14requestDisplayE14DisplayRequest
                0x000000000800335c       0x3e usercode/STM32L4_AnalogDisplayManager.o
                0x000000000800335c                DisplayManager::requestDisplay(DisplayRequest)
 .text._ZN14DisplayManager13setBrightnessEh
                0x000000000800339a        0x6 usercode/STM32L4_AnalogDisplayManager.o
                0x000000000800339a                DisplayManager::setBrightness(unsigned char)
 .text._ZN28STM32L4_AnalogDisplayManager24executeSleepSubscriptionEv
                0x00000000080033a0        0x2 usercode/STM32L4_AnalogDisplayManager.o
                0x00000000080033a0                STM32L4_AnalogDisplayManager::executeSleepSubscription()
 *fill*         0x00000000080033a2        0x2 
 .text._ZN28STM32L4_AnalogDisplayManager4initEv
                0x00000000080033a4       0x4c usercode/STM32L4_AnalogDisplayManager.o
                0x00000000080033a4                STM32L4_AnalogDisplayManager::init()
 .text._ZL12DWT_Delay_usm
                0x00000000080033f0       0x30 usercode/STM32L4_AnalogDisplayManager.o
 .text._ZN14DisplayManager9showERROREhh
                0x0000000008003420       0x52 usercode/STM32L4_AnalogDisplayManager.o
                0x0000000008003420                DisplayManager::showERROR(unsigned char, unsigned char)
 .text._ZThn52_N28STM32L4_AnalogDisplayManager24executeSleepSubscriptionEv
                0x0000000008003472        0x2 usercode/STM32L4_AnalogDisplayManager.o
                0x0000000008003472                non-virtual thunk to STM32L4_AnalogDisplayManager::executeSleepSubscription()
 .text._Z15clearLED_Analogv
                0x0000000008003474       0x1c usercode/STM32L4_AnalogDisplayManager.o
                0x0000000008003474                clearLED_Analog()
 .text._Z19showLED_Analog_Dualhh
                0x0000000008003490      0x1b4 usercode/STM32L4_AnalogDisplayManager.o
                0x0000000008003490                showLED_Analog_Dual(unsigned char, unsigned char)
 .text._Z14showLED_Analogh
                0x0000000008003644       0x94 usercode/STM32L4_AnalogDisplayManager.o
                0x0000000008003644                showLED_Analog(unsigned char)
 .text._ZN28STM32L4_AnalogDisplayManager9lockPortsEv
                0x00000000080036d8       0x3c usercode/STM32L4_AnalogDisplayManager.o
                0x00000000080036d8                STM32L4_AnalogDisplayManager::lockPorts()
 .text._Z15showLEDs_AnalogPhth
                0x0000000008003714       0x3e usercode/STM32L4_AnalogDisplayManager.o
                0x0000000008003714                showLEDs_Analog(unsigned char*, unsigned short, unsigned char)
 *fill*         0x0000000008003752        0x2 
 .text._ZN28STM32L4_AnalogDisplayManager4showEv
                0x0000000008003754      0x284 usercode/STM32L4_AnalogDisplayManager.o
                0x0000000008003754                STM32L4_AnalogDisplayManager::show()
 .text._ZN25STM32L4_BCDDisplayManager9lockPortsEv
                0x00000000080039d8       0x3c usercode/STM32L4_BCDDisplayManager.o
                0x00000000080039d8                STM32L4_BCDDisplayManager::lockPorts()
 .text._ZN25STM32L4_BCDDisplayManager24executeSleepSubscriptionEv
                0x0000000008003a14       0xe4 usercode/STM32L4_BCDDisplayManager.o
                0x0000000008003a14                STM32L4_BCDDisplayManager::executeSleepSubscription()
 .text._ZThn52_N25STM32L4_BCDDisplayManager24executeSleepSubscriptionEv
                0x0000000008003af8        0x8 usercode/STM32L4_BCDDisplayManager.o
                0x0000000008003af8                non-virtual thunk to STM32L4_BCDDisplayManager::executeSleepSubscription()
 .text._ZN25STM32L4_BCDDisplayManager4initEv
                0x0000000008003b00       0xe8 usercode/STM32L4_BCDDisplayManager.o
                0x0000000008003b00                STM32L4_BCDDisplayManager::init()
 .text._ZL12DWT_Delay_usm
                0x0000000008003be8       0x30 usercode/STM32L4_BCDDisplayManager.o
 .text._Z8showLEDsPtth
                0x0000000008003c18       0x54 usercode/STM32L4_BCDDisplayManager.o
                0x0000000008003c18                showLEDs(unsigned short*, unsigned short, unsigned char)
 .text._ZN25STM32L4_BCDDisplayManager4showEv
                0x0000000008003c6c      0x358 usercode/STM32L4_BCDDisplayManager.o
                0x0000000008003c6c                STM32L4_BCDDisplayManager::show()
 .text._ZN11STM32L4_HAL19HAL_getWakeupReasonEv
                0x0000000008003fc4        0x4 usercode/STM32L4_HAL.o
                0x0000000008003fc4                STM32L4_HAL::HAL_getWakeupReason()
 .text._ZN11STM32L4_HAL8getStepsEv
                0x0000000008003fc8        0x4 usercode/STM32L4_HAL.o
                0x0000000008003fc8                STM32L4_HAL::getSteps()
 .text._ZN11STM32L4_HAL12getHistStepsEh
                0x0000000008003fcc        0x8 usercode/STM32L4_HAL.o
                0x0000000008003fcc                STM32L4_HAL::getHistSteps(unsigned char)
 .text._ZN11STM32L4_HAL12HAL_lockIntsEv
                0x0000000008003fd4        0x2 usercode/STM32L4_HAL.o
                0x0000000008003fd4                STM32L4_HAL::HAL_lockInts()
                0x0000000008003fd4                STM32L4_HAL::HAL_releaseInts()
 .text._ZN11STM32L4_HAL8getUBattEv
                0x0000000008003fd6        0x4 usercode/STM32L4_HAL.o
                0x0000000008003fd6                STM32L4_HAL::getUBatt()
 .text._ZN11STM32L4_HAL16getHistStepsSizeEv
                0x0000000008003fda        0x4 usercode/STM32L4_HAL.o
                0x0000000008003fda                STM32L4_HAL::getHistStepsSize()
 *fill*         0x0000000008003fde        0x2 
 .text._ZN11STM32L4_HAL6getTapEv
                0x0000000008003fe0       0x14 usercode/STM32L4_HAL.o
                0x0000000008003fe0                STM32L4_HAL::getTap()
 .text._ZN11STM32L4_HAL4getXEv
                0x0000000008003ff4        0xc usercode/STM32L4_HAL.o
                0x0000000008003ff4                STM32L4_HAL::getX()
 .text._ZN11STM32L4_HAL4getYEv
                0x0000000008004000       0x14 usercode/STM32L4_HAL.o
                0x0000000008004000                STM32L4_HAL::getY()
 .text._ZN11STM32L4_HAL4getZEv
                0x0000000008004014       0x14 usercode/STM32L4_HAL.o
                0x0000000008004014                STM32L4_HAL::getZ()
 .text._Z5setCSh
                0x0000000008004028       0x14 usercode/STM32L4_HAL.o
                0x0000000008004028                setCS(unsigned char)
 .text._ZN11STM32L4_HAL9showERROREhh
                0x000000000800403c        0xc usercode/STM32L4_HAL.o
                0x000000000800403c                STM32L4_HAL::showERROR(unsigned char, unsigned char)
 .text._Z15HAL_MX_RTC_Initv
                0x0000000008004048       0xbc usercode/STM32L4_HAL.o
                0x0000000008004048                HAL_MX_RTC_Init()
 .text._ZN11STM32L4_HAL14HAL_driverInitEv
                0x0000000008004104       0x84 usercode/STM32L4_HAL.o
                0x0000000008004104                STM32L4_HAL::HAL_driverInit()
 .text._ZN11STM32L4_HAL8setupBMAEv
                0x0000000008004188       0xfc usercode/STM32L4_HAL.o
                0x0000000008004188                STM32L4_HAL::setupBMA()
 .text._ZN11STM32L4_HAL17setDisplayManagerEP14DisplayManager
                0x0000000008004284        0x4 usercode/STM32L4_HAL.o
                0x0000000008004284                STM32L4_HAL::setDisplayManager(DisplayManager*)
 .text._ZN11STM32L4_HAL11updateStepsEv
                0x0000000008004288       0x20 usercode/STM32L4_HAL.o
                0x0000000008004288                STM32L4_HAL::updateSteps()
 .text._ZN11STM32L4_HAL12pushNewStepsEt
                0x00000000080042a8       0x1a usercode/STM32L4_HAL.o
                0x00000000080042a8                STM32L4_HAL::pushNewSteps(unsigned short)
 *fill*         0x00000000080042c2        0x2 
 .text._ZN11STM32L4_HAL8HAL_initEv
                0x00000000080042c4      0x214 usercode/STM32L4_HAL.o
                0x00000000080042c4                STM32L4_HAL::HAL_init()
 .text._ZN11STM32L4_HAL10resetStepsEv
                0x00000000080044d8       0x28 usercode/STM32L4_HAL.o
                0x00000000080044d8                STM32L4_HAL::resetSteps()
 .text._ZN11STM32L4_HAL10HAL_cyclicEv
                0x0000000008004500      0x180 usercode/STM32L4_HAL.o
                0x0000000008004500                STM32L4_HAL::HAL_cyclic()
 .text._ZN11STM32L4_HAL21setAxisMappingVariantE12Watch_Type_t
                0x0000000008004680        0x4 usercode/STM32L4_HAL.o
                0x0000000008004680                STM32L4_HAL::setAxisMappingVariant(Watch_Type_t)
 .text._ZN11STM32L4_HAL26writeDataToBackupRegistersEv
                0x0000000008004684       0x38 usercode/STM32L4_HAL.o
                0x0000000008004684                STM32L4_HAL::writeDataToBackupRegisters()
 .text._Z23GPIO_AnalogState_Configv
                0x00000000080046bc       0x94 usercode/STM32L4_HAL.o
                0x00000000080046bc                GPIO_AnalogState_Config()
 .text._ZN11STM32L4_HAL9HAL_sleepEv
                0x0000000008004750       0xc8 usercode/STM32L4_HAL.o
                0x0000000008004750                STM32L4_HAL::HAL_sleep()
 .text.startup._GLOBAL__sub_I_bma
                0x0000000008004818       0x38 usercode/STM32L4_HAL.o
 .text._ZN6SleepM6cyclicEv
                0x0000000008004850       0x42 usercode/SleepM.o
                0x0000000008004850                SleepM::cyclic()
 .text._ZN6SleepM7prolongEh
                0x0000000008004892       0x18 usercode/SleepM.o
                0x0000000008004892                SleepM::prolong(unsigned char)
 *fill*         0x00000000080048aa        0x2 
 .text.startup._GLOBAL__sub_I_sm
                0x00000000080048ac       0x28 usercode/SleepM.o
 .text._Z8spi_initv
                0x00000000080048d4       0x18 usercode/stm32_hal_spi_adap.o
                0x00000000080048d4                spi_init()
 .text._Z9spi_writePhhPFvS_E
                0x00000000080048ec       0x14 usercode/stm32_hal_spi_adap.o
                0x00000000080048ec                spi_write(unsigned char*, unsigned char, void (*)(unsigned char*))
 .text._Z8spi_readhPFvPhE
                0x0000000008004900       0x28 usercode/stm32_hal_spi_adap.o
                0x0000000008004900                spi_read(unsigned char, void (*)(unsigned char*))
 .text._Z8spi_waitv
                0x0000000008004928        0x8 usercode/stm32_hal_spi_adap.o
                0x0000000008004928                spi_wait()
 .text.RTC_Event_Callback
                0x0000000008004930       0x28 usercode/usermain.o
                0x0000000008004930                RTC_Event_Callback
 .text._Z14DWT_Delay_Initv
                0x0000000008004958       0x68 usercode/usermain.o
                0x0000000008004958                DWT_Delay_Init()
 .text._Z30SystemClock_Config_without_LSEv
                0x00000000080049c0       0x80 usercode/usermain.o
                0x00000000080049c0                SystemClock_Config_without_LSE()
 .text.usermain_init
                0x0000000008004a40       0xe8 usercode/usermain.o
                0x0000000008004a40                usermain_init
 .text.usermain_loop
                0x0000000008004b28       0x34 usercode/usermain.o
                0x0000000008004b28                usermain_loop
 .text.startup._GLOBAL__sub_I_dman
                0x0000000008004b5c       0xa4 usercode/usermain.o
 .text._Z15writeConfigFilev
                0x0000000008004c00       0x7a usercode/libs/Bosch_BMA456/Bosch_BMA.o
                0x0000000008004c00                writeConfigFile()
 .text._ZN9Bosch_BMA12writeAddressEhh
                0x0000000008004c7a        0x8 usercode/libs/Bosch_BMA456/Bosch_BMA.o
                0x0000000008004c7a                Bosch_BMA::writeAddress(unsigned char, unsigned char)
 .text._ZN9Bosch_BMA11readAddressEh
                0x0000000008004c82        0x8 usercode/libs/Bosch_BMA456/Bosch_BMA.o
                0x0000000008004c82                Bosch_BMA::readAddress(unsigned char)
 .text._ZN9Bosch_BMA9getChipIDEv
                0x0000000008004c8a        0x8 usercode/libs/Bosch_BMA456/Bosch_BMA.o
                0x0000000008004c8a                Bosch_BMA::getChipID()
 .text._ZN9Bosch_BMA4initEv
                0x0000000008004c92       0x6c usercode/libs/Bosch_BMA456/Bosch_BMA.o
                0x0000000008004c92                Bosch_BMA::init()
 .text._ZN9Bosch_BMA16getInternalStateEv
                0x0000000008004cfe        0x8 usercode/libs/Bosch_BMA456/Bosch_BMA.o
                0x0000000008004cfe                Bosch_BMA::getInternalState()
 .text._ZN9Bosch_BMA14get_Accel_corrEh
                0x0000000008004d06       0x3c usercode/libs/Bosch_BMA456/Bosch_BMA.o
                0x0000000008004d06                Bosch_BMA::get_Accel_corr(unsigned char)
 .text._ZN9Bosch_BMA16get_X_Accel_corrEv
                0x0000000008004d42        0x6 usercode/libs/Bosch_BMA456/Bosch_BMA.o
                0x0000000008004d42                Bosch_BMA::get_X_Accel_corr()
 .text._ZN9Bosch_BMA16get_Y_Accel_corrEv
                0x0000000008004d48        0x6 usercode/libs/Bosch_BMA456/Bosch_BMA.o
                0x0000000008004d48                Bosch_BMA::get_Y_Accel_corr()
 .text._ZN9Bosch_BMA16get_Z_Accel_corrEv
                0x0000000008004d4e        0x6 usercode/libs/Bosch_BMA456/Bosch_BMA.o
                0x0000000008004d4e                Bosch_BMA::get_Z_Accel_corr()
 .text._ZN9Bosch_BMA8getStepsEv
                0x0000000008004d54       0x14 usercode/libs/Bosch_BMA456/Bosch_BMA.o
                0x0000000008004d54                Bosch_BMA::getSteps()
 .text._ZN9Bosch_BMA20startInterruptConfigEv
                0x0000000008004d68        0xa usercode/libs/Bosch_BMA456/Bosch_BMA.o
                0x0000000008004d68                Bosch_BMA::startInterruptConfig()
 .text._ZN9Bosch_BMA20writeInterruptConfigEv
                0x0000000008004d72        0xa usercode/libs/Bosch_BMA456/Bosch_BMA.o
                0x0000000008004d72                Bosch_BMA::writeInterruptConfig()
 .text._ZN9Bosch_BMA15setTapDetectionEhhh
                0x0000000008004d7c       0x1a usercode/libs/Bosch_BMA456/Bosch_BMA.o
                0x0000000008004d7c                Bosch_BMA::setTapDetection(unsigned char, unsigned char, unsigned char)
 .text._ZN9Bosch_BMA20setWristTiltFunctionEh
                0x0000000008004d96        0xa usercode/libs/Bosch_BMA456/Bosch_BMA.o
                0x0000000008004d96                Bosch_BMA::setWristTiltFunction(unsigned char)
 .text._ZN9Bosch_BMA14setStepCounterEh
                0x0000000008004da0       0x12 usercode/libs/Bosch_BMA456/Bosch_BMA.o
                0x0000000008004da0                Bosch_BMA::setStepCounter(unsigned char)
 .text._ZN9Bosch_BMA11setConfigIDEh
                0x0000000008004db2        0x6 usercode/libs/Bosch_BMA456/Bosch_BMA.o
                0x0000000008004db2                Bosch_BMA::setConfigID(unsigned char)
 .text._ZN9Bosch_BMA14setAxisMappingEhhhhhh
                0x0000000008004db8       0x76 usercode/libs/Bosch_BMA456/Bosch_BMA.o
                0x0000000008004db8                Bosch_BMA::setAxisMapping(unsigned char, unsigned char, unsigned char, unsigned char, unsigned char, unsigned char)
 *fill*         0x0000000008004e2e        0x2 
 .text._Z22get_bma456_config_filet
                0x0000000008004e30       0x1c usercode/libs/Bosch_BMA456/Bosch_BMA456_config_file.o
                0x0000000008004e30                get_bma456_config_file(unsigned short)
 .text._Z12saveReadDataPh
                0x0000000008004e4c       0x2c usercode/libs/Bosch_BMA456/spi_adap.o
                0x0000000008004e4c                saveReadData(unsigned char*)
 .text._Z19set_SPI_activate_CSPFvhE
                0x0000000008004e78        0xc usercode/libs/Bosch_BMA456/spi_adap.o
                0x0000000008004e78                set_SPI_activate_CS(void (*)(unsigned char))
 .text._Z8writeReghh
                0x0000000008004e84       0x3c usercode/libs/Bosch_BMA456/spi_adap.o
                0x0000000008004e84                writeReg(unsigned char, unsigned char)
 .text._Z8writeReghPhh
                0x0000000008004ec0       0x54 usercode/libs/Bosch_BMA456/spi_adap.o
                0x0000000008004ec0                writeReg(unsigned char, unsigned char*, unsigned char)
 .text._Z7readReghh
                0x0000000008004f14       0x58 usercode/libs/Bosch_BMA456/spi_adap.o
                0x0000000008004f14                readReg(unsigned char, unsigned char)
 .text._Z8readRegshhPh
                0x0000000008004f6c       0x6c usercode/libs/Bosch_BMA456/spi_adap.o
                0x0000000008004f6c                readRegs(unsigned char, unsigned char, unsigned char*)
 .text._Z12stream_writePhth
                0x0000000008004fd8       0x2a usercode/libs/Bosch_BMA456/spi_adap.o
                0x0000000008004fd8                stream_write(unsigned char*, unsigned short, unsigned char)
 *fill*         0x0000000008005002        0x2 
 .text._Z13initComDriverv
                0x0000000008005004       0x30 usercode/libs/Bosch_BMA456/spi_adap.o
                0x0000000008005004                initComDriver()
 .text.__libc_init_array
                0x0000000008005034       0x48 /home/sulkith/st/stm32cubeide_1.3.0/plugins/com.st.stm32cube.ide.mcu.externaltools.gnu-tools-for-stm32.7-2018-q2-update.linux64_1.4.0.202007081208/tools/bin/../lib/gcc/arm-none-eabi/7.3.1/../../../../arm-none-eabi/lib/thumb/v7e-m/fpv4-sp/hard/libc_nano.a(lib_a-init.o)
                0x0000000008005034                __libc_init_array
 .text.memset   0x000000000800507c       0x10 /home/sulkith/st/stm32cubeide_1.3.0/plugins/com.st.stm32cube.ide.mcu.externaltools.gnu-tools-for-stm32.7-2018-q2-update.linux64_1.4.0.202007081208/tools/bin/../lib/gcc/arm-none-eabi/7.3.1/../../../../arm-none-eabi/lib/thumb/v7e-m/fpv4-sp/hard/libc_nano.a(lib_a-memset.o)
                0x000000000800507c                memset
 *(.glue_7)
 .glue_7        0x000000000800508c        0x0 linker stubs
 *(.glue_7t)
 .glue_7t       0x000000000800508c        0x0 linker stubs
 *(.eh_frame)
 .eh_frame      0x000000000800508c        0x0 /home/sulkith/st/stm32cubeide_1.3.0/plugins/com.st.stm32cube.ide.mcu.externaltools.gnu-tools-for-stm32.7-2018-q2-update.linux64_1.4.0.202007081208/tools/bin/../lib/gcc/arm-none-eabi/7.3.1/thumb/v7e-m/fpv4-sp/hard/crtbegin.o
 *(.init)
 .init          0x000000000800508c        0x4 /home/sulkith/st/stm32cubeide_1.3.0/plugins/com.st.stm32cube.ide.mcu.externaltools.gnu-tools-for-stm32.7-2018-q2-update.linux64_1.4.0.202007081208/tools/bin/../lib/gcc/arm-none-eabi/7.3.1/thumb/v7e-m/fpv4-sp/hard/crti.o
                0x000000000800508c                _init
 .init          0x0000000008005090        0x8 /home/sulkith/st/stm32cubeide_1.3.0/plugins/com.st.stm32cube.ide.mcu.externaltools.gnu-tools-for-stm32.7-2018-q2-update.linux64_1.4.0.202007081208/tools/bin/../lib/gcc/arm-none-eabi/7.3.1/thumb/v7e-m/fpv4-sp/hard/crtn.o
 *(.fini)
 .fini          0x0000000008005098        0x4 /home/sulkith/st/stm32cubeide_1.3.0/plugins/com.st.stm32cube.ide.mcu.externaltools.gnu-tools-for-stm32.7-2018-q2-update.linux64_1.4.0.202007081208/tools/bin/../lib/gcc/arm-none-eabi/7.3.1/thumb/v7e-m/fpv4-sp/hard/crti.o
                0x0000000008005098                _fini
 .fini          0x000000000800509c        0x8 /home/sulkith/st/stm32cubeide_1.3.0/plugins/com.st.stm32cube.ide.mcu.externaltools.gnu-tools-for-stm32.7-2018-q2-update.linux64_1.4.0.202007081208/tools/bin/../lib/gcc/arm-none-eabi/7.3.1/thumb/v7e-m/fpv4-sp/hard/crtn.o
                0x00000000080050a4                . = ALIGN (0x4)
                0x00000000080050a4                _etext = .

.vfp11_veneer   0x00000000080050a4        0x0
 .vfp11_veneer  0x00000000080050a4        0x0 linker stubs

.v4_bx          0x00000000080050a4        0x0
 .v4_bx         0x00000000080050a4        0x0 linker stubs

.iplt           0x00000000080050a4        0x0
 .iplt          0x00000000080050a4        0x0 /home/sulkith/st/stm32cubeide_1.3.0/plugins/com.st.stm32cube.ide.mcu.externaltools.gnu-tools-for-stm32.7-2018-q2-update.linux64_1.4.0.202007081208/tools/bin/../lib/gcc/arm-none-eabi/7.3.1/thumb/v7e-m/fpv4-sp/hard/crtbegin.o

.rodata         0x00000000080050a4     0x1514
                0x00000000080050a4                . = ALIGN (0x4)
 *(.rodata)
 *(.rodata*)
 .rodata.AHBPrescTable
                0x00000000080050a4       0x10 Core/Src/system_stm32l4xx.o
                0x00000000080050a4                AHBPrescTable
 .rodata.MSIRangeTable
                0x00000000080050b4       0x30 Core/Src/system_stm32l4xx.o
                0x00000000080050b4                MSIRangeTable
 .rodata._ZL11DaysOfMonth
                0x00000000080050e4        0xc usercode/ClockM.o
 .rodata._ZTV8GForceUI
                0x00000000080050f0       0x28 usercode/GForceUI.o
                0x00000000080050f0                vtable for GForceUI
 .rodata._ZL15GPIOA_ODR_Hours
                0x0000000008005118       0x18 usercode/STM32L4_AnalogDisplayManager.o
 .rodata._ZL15GPIOB_ODR_Hours
                0x0000000008005130       0x18 usercode/STM32L4_AnalogDisplayManager.o
 .rodata._ZL17GPIOA_MODER_Hours
                0x0000000008005148       0x30 usercode/STM32L4_AnalogDisplayManager.o
 .rodata._ZL17GPIOA_ODR_Minutes
                0x0000000008005178       0x3c usercode/STM32L4_AnalogDisplayManager.o
 .rodata._ZL17GPIOB_MODER_Hours
                0x00000000080051b4       0x30 usercode/STM32L4_AnalogDisplayManager.o
 .rodata._ZL17GPIOB_ODR_Minutes
                0x00000000080051e4       0x3c usercode/STM32L4_AnalogDisplayManager.o
 .rodata._ZL19GPIOA_MODER_Minutes
                0x0000000008005220       0x78 usercode/STM32L4_AnalogDisplayManager.o
 .rodata._ZL19GPIOB_MODER_Minutes
                0x0000000008005298       0x78 usercode/STM32L4_AnalogDisplayManager.o
 .rodata._ZTV28STM32L4_AnalogDisplayManager
                0x0000000008005310       0x30 usercode/STM32L4_AnalogDisplayManager.o
                0x0000000008005310                vtable for STM32L4_AnalogDisplayManager
 .rodata._ZL6Column
                0x0000000008005340       0x10 usercode/STM32L4_BCDDisplayManager.o
 .rodata._ZL9numToPort
                0x0000000008005350       0x20 usercode/STM32L4_BCDDisplayManager.o
 .rodata._ZTV25STM32L4_BCDDisplayManager
                0x0000000008005370       0x30 usercode/STM32L4_BCDDisplayManager.o
                0x0000000008005370                vtable for STM32L4_BCDDisplayManager
 .rodata._ZL22LED_Brightness_Daytime
                0x00000000080053a0       0x18 usercode/STM32L4_HAL.o
 .rodata._ZTV11STM32L4_HAL
                0x00000000080053b8       0x48 usercode/STM32L4_HAL.o
                0x00000000080053b8                vtable for STM32L4_HAL
 .rodata._ZL18bma456_config_file
                0x0000000008005400     0x11b8 usercode/libs/Bosch_BMA456/Bosch_BMA456_config_file.o
                0x00000000080065b8                . = ALIGN (0x4)

.rel.dyn        0x00000000080065b8        0x0
 .rel.iplt      0x00000000080065b8        0x0 /home/sulkith/st/stm32cubeide_1.3.0/plugins/com.st.stm32cube.ide.mcu.externaltools.gnu-tools-for-stm32.7-2018-q2-update.linux64_1.4.0.202007081208/tools/bin/../lib/gcc/arm-none-eabi/7.3.1/thumb/v7e-m/fpv4-sp/hard/crtbegin.o

.ARM.extab      0x00000000080065b8        0x0
                0x00000000080065b8                . = ALIGN (0x4)
 *(.ARM.extab* .gnu.linkonce.armextab.*)
                0x00000000080065b8                . = ALIGN (0x4)

.ARM            0x00000000080065b8        0x0
                0x00000000080065b8                . = ALIGN (0x4)
                0x00000000080065b8                __exidx_start = .
 *(.ARM.exidx*)
                0x00000000080065b8                __exidx_end = .
                0x00000000080065b8                . = ALIGN (0x4)

.preinit_array  0x00000000080065b8        0x0
                0x00000000080065b8                . = ALIGN (0x4)
                0x00000000080065b8                PROVIDE (__preinit_array_start = .)
 *(.preinit_array*)
                0x00000000080065b8                PROVIDE (__preinit_array_end = .)
                0x00000000080065b8                . = ALIGN (0x4)

.init_array     0x00000000080065b8       0x14
                0x00000000080065b8                . = ALIGN (0x4)
                0x00000000080065b8                PROVIDE (__init_array_start = .)
 *(SORT_BY_NAME(.init_array.*))
 *(.init_array*)
 .init_array    0x00000000080065b8        0x4 /home/sulkith/st/stm32cubeide_1.3.0/plugins/com.st.stm32cube.ide.mcu.externaltools.gnu-tools-for-stm32.7-2018-q2-update.linux64_1.4.0.202007081208/tools/bin/../lib/gcc/arm-none-eabi/7.3.1/thumb/v7e-m/fpv4-sp/hard/crtbegin.o
 .init_array    0x00000000080065bc        0x4 usercode/ClockM.o
 .init_array    0x00000000080065c0        0x4 usercode/STM32L4_HAL.o
 .init_array    0x00000000080065c4        0x4 usercode/SleepM.o
 .init_array    0x00000000080065c8        0x4 usercode/usermain.o
                0x00000000080065cc                PROVIDE (__init_array_end = .)
                0x00000000080065cc                . = ALIGN (0x4)

.fini_array     0x00000000080065cc        0x4
                0x00000000080065cc                . = ALIGN (0x4)
                [!provide]                        PROVIDE (__fini_array_start = .)
 *(SORT_BY_NAME(.fini_array.*))
 *(.fini_array*)
 .fini_array    0x00000000080065cc        0x4 /home/sulkith/st/stm32cubeide_1.3.0/plugins/com.st.stm32cube.ide.mcu.externaltools.gnu-tools-for-stm32.7-2018-q2-update.linux64_1.4.0.202007081208/tools/bin/../lib/gcc/arm-none-eabi/7.3.1/thumb/v7e-m/fpv4-sp/hard/crtbegin.o
                [!provide]                        PROVIDE (__fini_array_end = .)
                0x00000000080065d0                . = ALIGN (0x4)
                0x00000000080065d0                _sidata = LOADADDR (.data)

.data           0x0000000020000000       0x74 load address 0x00000000080065d0
                0x0000000020000000                . = ALIGN (0x4)
                0x0000000020000000                _sdata = .
 *(.data)
 *(.data*)
 .data.SystemCoreClock
                0x0000000020000000        0x4 Core/Src/system_stm32l4xx.o
                0x0000000020000000                SystemCoreClock
 .data.uwTickFreq
                0x0000000020000004        0x1 Drivers/STM32L4xx_HAL_Driver/Src/stm32l4xx_hal.o
                0x0000000020000004                uwTickFreq
 *fill*         0x0000000020000005        0x3 
 .data.uwTickPrio
                0x0000000020000008        0x4 Drivers/STM32L4xx_HAL_Driver/Src/stm32l4xx_hal.o
                0x0000000020000008                uwTickPrio
 .data.bma      0x000000002000000c       0x4c usercode/STM32L4_HAL.o
                0x000000002000000c                bma
 .data._ZN6SleepM8instanceE
                0x0000000020000058        0x4 usercode/SleepM.o
                0x0000000020000058                SleepM::instance
 .data.SettingsAnalogV1
                0x000000002000005c        0x8 usercode/settings.o
                0x000000002000005c                SettingsAnalogV1
 .data.SettingsBinaryV1
                0x0000000020000064        0x8 usercode/settings.o
                0x0000000020000064                SettingsBinaryV1
 .data.SettingsDefault
                0x000000002000006c        0x8 usercode/settings.o
                0x000000002000006c                SettingsDefault
                0x0000000020000074                . = ALIGN (0x4)
                0x0000000020000074                _edata = .

.igot.plt       0x0000000020000074        0x0 load address 0x0000000008006644
 .igot.plt      0x0000000020000074        0x0 /home/sulkith/st/stm32cubeide_1.3.0/plugins/com.st.stm32cube.ide.mcu.externaltools.gnu-tools-for-stm32.7-2018-q2-update.linux64_1.4.0.202007081208/tools/bin/../lib/gcc/arm-none-eabi/7.3.1/thumb/v7e-m/fpv4-sp/hard/crtbegin.o
                0x0000000020000074                . = ALIGN (0x4)

.bss            0x0000000020000080      0x3cc load address 0x0000000008006644
                0x0000000020000080                _sbss = .
                0x0000000020000080                __bss_start__ = _sbss
 *(.bss)
 .bss           0x0000000020000080       0x1c /home/sulkith/st/stm32cubeide_1.3.0/plugins/com.st.stm32cube.ide.mcu.externaltools.gnu-tools-for-stm32.7-2018-q2-update.linux64_1.4.0.202007081208/tools/bin/../lib/gcc/arm-none-eabi/7.3.1/thumb/v7e-m/fpv4-sp/hard/crtbegin.o
 *(.bss*)
 .bss._ZN6ClockM8instanceE
                0x000000002000009c       0x28 usercode/ClockM.o
                0x000000002000009c                ClockM::instance
 .bss._ZZ16caseForAdjustingIhEhPT_P9GForceHALS0_S0_sE8debounce
                0x00000000200000c4        0x2 usercode/GForceUI.o
                0x00000000200000c4                caseForAdjusting<unsigned char>(unsigned char*, GForceHAL*, unsigned char, unsigned char, short)::debounce
 *fill*         0x00000000200000c6        0x2 
 .bss._ZL12CALR_Address
                0x00000000200000c8        0x4 usercode/STM32L4_HAL.o
 .bss.sm        0x00000000200000cc       0x24 usercode/SleepM.o
                0x00000000200000cc                sm
 .bss.buffer    0x00000000200000f0       0x84 usercode/stm32_hal_spi_adap.o
                0x00000000200000f0                buffer
 *fill*         0x0000000020000174        0xc 
 .bss.Adm       0x0000000020000180       0x40 usercode/usermain.o
                0x0000000020000180                Adm
 .bss.BCDdm     0x00000000200001c0       0x40 usercode/usermain.o
                0x00000000200001c0                BCDdm
 .bss.dman      0x0000000020000200        0x4 usercode/usermain.o
                0x0000000020000200                dman
 .bss.gfui      0x0000000020000204       0x20 usercode/usermain.o
                0x0000000020000204                gfui
 .bss.stm_hal   0x0000000020000224       0x28 usercode/usermain.o
                0x0000000020000224                stm_hal
 .bss.activateCS
                0x000000002000024c        0x4 usercode/libs/Bosch_BMA456/spi_adap.o
                0x000000002000024c                activateCS
 .bss.readBuffer
                0x0000000020000250       0x84 usercode/libs/Bosch_BMA456/spi_adap.o
                0x0000000020000250                readBuffer
 .bss.readLen   0x00000000200002d4        0x1 usercode/libs/Bosch_BMA456/spi_adap.o
                0x00000000200002d4                readLen
 .bss.senData   0x00000000200002d5       0x84 usercode/libs/Bosch_BMA456/spi_adap.o
                0x00000000200002d5                senData
 *(COMMON)
 *fill*         0x0000000020000359        0x3 
 COMMON         0x000000002000035c       0xec Core/Src/main.o
                0x000000002000035c                hadc1
                0x00000000200003c0                hrtc
                0x00000000200003e4                hspi1
 COMMON         0x0000000020000448        0x4 Drivers/STM32L4xx_HAL_Driver/Src/stm32l4xx_hal.o
                0x0000000020000448                uwTick
                0x000000002000044c                . = ALIGN (0x4)
                0x000000002000044c                _ebss = .
                0x000000002000044c                __bss_end__ = _ebss

._user_heap_stack
                0x000000002000044c      0x604 load address 0x0000000008006644
                0x0000000020000450                . = ALIGN (0x8)
 *fill*         0x000000002000044c        0x4 
                0x0000000020000450                PROVIDE (end = .)
                [!provide]                        PROVIDE (_end = .)
                0x0000000020000650                . = (. + _Min_Heap_Size)
 *fill*         0x0000000020000450      0x200 
                0x0000000020000a50                . = (. + _Min_Stack_Size)
 *fill*         0x0000000020000650      0x400 
                0x0000000020000a50                . = ALIGN (0x8)

/DISCARD/
 libc.a(*)
 libm.a(*)
 libgcc.a(*)

.ARM.attributes
                0x0000000000000000       0x30
 *(.ARM.attributes)
 .ARM.attributes
                0x0000000000000000       0x22 /home/sulkith/st/stm32cubeide_1.3.0/plugins/com.st.stm32cube.ide.mcu.externaltools.gnu-tools-for-stm32.7-2018-q2-update.linux64_1.4.0.202007081208/tools/bin/../lib/gcc/arm-none-eabi/7.3.1/thumb/v7e-m/fpv4-sp/hard/crti.o
 .ARM.attributes
                0x0000000000000022       0x34 /home/sulkith/st/stm32cubeide_1.3.0/plugins/com.st.stm32cube.ide.mcu.externaltools.gnu-tools-for-stm32.7-2018-q2-update.linux64_1.4.0.202007081208/tools/bin/../lib/gcc/arm-none-eabi/7.3.1/thumb/v7e-m/fpv4-sp/hard/crtbegin.o
 .ARM.attributes
                0x0000000000000056       0x39 Core/Src/main.o
 .ARM.attributes
                0x000000000000008f       0x39 Core/Src/stm32l4xx_hal_msp.o
 .ARM.attributes
                0x00000000000000c8       0x39 Core/Src/stm32l4xx_it.o
 .ARM.attributes
                0x0000000000000101       0x39 Core/Src/system_stm32l4xx.o
 .ARM.attributes
                0x000000000000013a       0x21 Core/Startup/startup_stm32l432kcux.o
 .ARM.attributes
                0x000000000000015b       0x39 Drivers/STM32L4xx_HAL_Driver/Src/stm32l4xx_hal.o
 .ARM.attributes
                0x0000000000000194       0x39 Drivers/STM32L4xx_HAL_Driver/Src/stm32l4xx_hal_adc.o
 .ARM.attributes
                0x00000000000001cd       0x39 Drivers/STM32L4xx_HAL_Driver/Src/stm32l4xx_hal_adc_ex.o
 .ARM.attributes
                0x0000000000000206       0x39 Drivers/STM32L4xx_HAL_Driver/Src/stm32l4xx_hal_cortex.o
 .ARM.attributes
                0x000000000000023f       0x39 Drivers/STM32L4xx_HAL_Driver/Src/stm32l4xx_hal_gpio.o
 .ARM.attributes
                0x0000000000000278       0x39 Drivers/STM32L4xx_HAL_Driver/Src/stm32l4xx_hal_pwr.o
 .ARM.attributes
                0x00000000000002b1       0x39 Drivers/STM32L4xx_HAL_Driver/Src/stm32l4xx_hal_pwr_ex.o
 .ARM.attributes
                0x00000000000002ea       0x39 Drivers/STM32L4xx_HAL_Driver/Src/stm32l4xx_hal_rcc.o
 .ARM.attributes
                0x0000000000000323       0x39 Drivers/STM32L4xx_HAL_Driver/Src/stm32l4xx_hal_rcc_ex.o
 .ARM.attributes
                0x000000000000035c       0x39 Drivers/STM32L4xx_HAL_Driver/Src/stm32l4xx_hal_rtc.o
 .ARM.attributes
                0x0000000000000395       0x39 Drivers/STM32L4xx_HAL_Driver/Src/stm32l4xx_hal_rtc_ex.o
 .ARM.attributes
                0x00000000000003ce       0x39 Drivers/STM32L4xx_HAL_Driver/Src/stm32l4xx_hal_spi.o
 .ARM.attributes
                0x0000000000000407       0x39 usercode/ClockM.o
 .ARM.attributes
                0x0000000000000440       0x39 usercode/GForceUI.o
 .ARM.attributes
                0x0000000000000479       0x39 usercode/STM32L4_AnalogDisplayManager.o
 .ARM.attributes
                0x00000000000004b2       0x39 usercode/STM32L4_BCDDisplayManager.o
 .ARM.attributes
                0x00000000000004eb       0x39 usercode/STM32L4_HAL.o
 .ARM.attributes
                0x0000000000000524       0x39 usercode/SleepM.o
 .ARM.attributes
                0x000000000000055d       0x39 usercode/settings.o
 .ARM.attributes
                0x0000000000000596       0x39 usercode/stm32_hal_spi_adap.o
 .ARM.attributes
                0x00000000000005cf       0x39 usercode/usermain.o
 .ARM.attributes
                0x0000000000000608       0x39 usercode/libs/Bosch_BMA456/Bosch_BMA.o
 .ARM.attributes
                0x0000000000000641       0x39 usercode/libs/Bosch_BMA456/Bosch_BMA456_config_file.o
 .ARM.attributes
                0x000000000000067a       0x39 usercode/libs/Bosch_BMA456/spi_adap.o
 .ARM.attributes
                0x00000000000006b3       0x34 /home/sulkith/st/stm32cubeide_1.3.0/plugins/com.st.stm32cube.ide.mcu.externaltools.gnu-tools-for-stm32.7-2018-q2-update.linux64_1.4.0.202007081208/tools/bin/../lib/gcc/arm-none-eabi/7.3.1/../../../../arm-none-eabi/lib/thumb/v7e-m/fpv4-sp/hard/libc_nano.a(lib_a-init.o)
 .ARM.attributes
                0x00000000000006e7       0x34 /home/sulkith/st/stm32cubeide_1.3.0/plugins/com.st.stm32cube.ide.mcu.externaltools.gnu-tools-for-stm32.7-2018-q2-update.linux64_1.4.0.202007081208/tools/bin/../lib/gcc/arm-none-eabi/7.3.1/../../../../arm-none-eabi/lib/thumb/v7e-m/fpv4-sp/hard/libc_nano.a(lib_a-memset.o)
 .ARM.attributes
                0x000000000000071b       0x22 /home/sulkith/st/stm32cubeide_1.3.0/plugins/com.st.stm32cube.ide.mcu.externaltools.gnu-tools-for-stm32.7-2018-q2-update.linux64_1.4.0.202007081208/tools/bin/../lib/gcc/arm-none-eabi/7.3.1/thumb/v7e-m/fpv4-sp/hard/crtn.o
OUTPUT(WristWatch.elf elf32-littlearm)

.comment        0x0000000000000000       0x7b
 .comment       0x0000000000000000       0x7b Core/Src/main.o
                                         0x7c (size before relaxing)
 .comment       0x000000000000007b       0x7c Core/Src/stm32l4xx_hal_msp.o
 .comment       0x000000000000007b       0x7c Core/Src/stm32l4xx_it.o
 .comment       0x000000000000007b       0x7c Core/Src/system_stm32l4xx.o
 .comment       0x000000000000007b       0x7c Drivers/STM32L4xx_HAL_Driver/Src/stm32l4xx_hal.o
 .comment       0x000000000000007b       0x7c Drivers/STM32L4xx_HAL_Driver/Src/stm32l4xx_hal_adc.o
 .comment       0x000000000000007b       0x7c Drivers/STM32L4xx_HAL_Driver/Src/stm32l4xx_hal_adc_ex.o
 .comment       0x000000000000007b       0x7c Drivers/STM32L4xx_HAL_Driver/Src/stm32l4xx_hal_cortex.o
 .comment       0x000000000000007b       0x7c Drivers/STM32L4xx_HAL_Driver/Src/stm32l4xx_hal_gpio.o
 .comment       0x000000000000007b       0x7c Drivers/STM32L4xx_HAL_Driver/Src/stm32l4xx_hal_pwr.o
 .comment       0x000000000000007b       0x7c Drivers/STM32L4xx_HAL_Driver/Src/stm32l4xx_hal_pwr_ex.o
 .comment       0x000000000000007b       0x7c Drivers/STM32L4xx_HAL_Driver/Src/stm32l4xx_hal_rcc.o
 .comment       0x000000000000007b       0x7c Drivers/STM32L4xx_HAL_Driver/Src/stm32l4xx_hal_rcc_ex.o
 .comment       0x000000000000007b       0x7c Drivers/STM32L4xx_HAL_Driver/Src/stm32l4xx_hal_rtc.o
 .comment       0x000000000000007b       0x7c Drivers/STM32L4xx_HAL_Driver/Src/stm32l4xx_hal_rtc_ex.o
 .comment       0x000000000000007b       0x7c Drivers/STM32L4xx_HAL_Driver/Src/stm32l4xx_hal_spi.o
 .comment       0x000000000000007b       0x7c usercode/ClockM.o
 .comment       0x000000000000007b       0x7c usercode/GForceUI.o
 .comment       0x000000000000007b       0x7c usercode/STM32L4_AnalogDisplayManager.o
 .comment       0x000000000000007b       0x7c usercode/STM32L4_BCDDisplayManager.o
 .comment       0x000000000000007b       0x7c usercode/STM32L4_HAL.o
 .comment       0x000000000000007b       0x7c usercode/SleepM.o
 .comment       0x000000000000007b       0x7c usercode/settings.o
 .comment       0x000000000000007b       0x7c usercode/stm32_hal_spi_adap.o
 .comment       0x000000000000007b       0x7c usercode/usermain.o
 .comment       0x000000000000007b       0x7c usercode/libs/Bosch_BMA456/Bosch_BMA.o
 .comment       0x000000000000007b       0x7c usercode/libs/Bosch_BMA456/Bosch_BMA456_config_file.o
 .comment       0x000000000000007b       0x7c usercode/libs/Bosch_BMA456/spi_adap.o

.debug_frame    0x0000000000000000       0x4c
 .debug_frame   0x0000000000000000       0x2c /home/sulkith/st/stm32cubeide_1.3.0/plugins/com.st.stm32cube.ide.mcu.externaltools.gnu-tools-for-stm32.7-2018-q2-update.linux64_1.4.0.202007081208/tools/bin/../lib/gcc/arm-none-eabi/7.3.1/../../../../arm-none-eabi/lib/thumb/v7e-m/fpv4-sp/hard/libc_nano.a(lib_a-init.o)
 .debug_frame   0x000000000000002c       0x20 /home/sulkith/st/stm32cubeide_1.3.0/plugins/com.st.stm32cube.ide.mcu.externaltools.gnu-tools-for-stm32.7-2018-q2-update.linux64_1.4.0.202007081208/tools/bin/../lib/gcc/arm-none-eabi/7.3.1/../../../../arm-none-eabi/lib/thumb/v7e-m/fpv4-sp/hard/libc_nano.a(lib_a-memset.o)
